// Jest Snapshot v1, https://goo.gl/fbAQLP

exports[`Testing <GifItem /> Match snapshot 1`] = `
<div>
  <div
    class="card"
  >
    <img
      alt="Gif title test"
      src="https://giftest.com/url-test-1234"
    />
    <p>
      Gif title test
    </p>
  </div>
</div>
`;
